[transform@sd01-tr-test013 transform]$ jstat -gc 2844 1000 10000> jstat_gc_kill3_infor
 S0C    S1C    S0U    S1U      EC       EU        OC         OU       PC     PU    YGC     YGCT    FGC    FGCT     GCT   
4480.0 4480.0 1536.5  0.0   646400.0 15438.0   393216.0   170297.3  65536.0 16276.8     30    0.164   1      0.028    0.192
4480.0 4480.0 1536.5  0.0   646400.0 15438.0   393216.0   170297.3  65536.0 16276.8     30    0.164   1      0.028    0.192
4480.0 4480.0 1536.5  0.0   646400.0 15438.0   393216.0   170297.3  65536.0 16276.8     30    0.164   1      0.028    0.192
4480.0 4480.0 1536.5  0.0   646400.0 15438.0   393216.0   170297.3  65536.0 16276.8     30    0.164   1      0.028    0.192
4480.0 4480.0 1536.5  0.0   646400.0 15438.0   393216.0   170297.3  65536.0 16276.8     30    0.164   1      0.028    0.192
4480.0 4480.0 1536.5  0.0   646400.0 15438.0   393216.0   170297.3  65536.0 16276.8     30    0.164   1      0.028    0.192
4480.0 4480.0 1536.5  0.0   646400.0 15438.0   393216.0   170297.3  65536.0 16276.8     30    0.164   1      0.028    0.192
4480.0 4480.0 1536.5  0.0   646400.0 15438.0   393216.0   170297.3  65536.0 16276.8     30    0.164   1      0.028    0.192
4480.0 4480.0 1536.5  0.0   646400.0 15438.0   393216.0   170297.3  65536.0 16276.8     30    0.164   1      0.028    0.192
4480.0 4480.0 1536.5  0.0   646400.0 15438.0   393216.0   170297.3  65536.0 16276.8     30    0.164   1      0.028    0.192
4480.0 4480.0 1536.5  0.0   646400.0 15438.0   393216.0   170297.3  65536.0 16276.8     30    0.164   1      0.028    0.192
4480.0 4480.0 1536.5  0.0   646400.0 15438.0   393216.0   170297.3  65536.0 16276.8     30    0.164   1      0.028    0.192
4480.0 4480.0 1536.5  0.0   646400.0 15438.0   393216.0   170297.3  65536.0 16276.8     30    0.164   1      0.028    0.192
4480.0 4480.0 1536.5  0.0   646400.0 15438.0   393216.0   170297.3  65536.0 16276.8     30    0.164   1      0.028    0.192
4480.0 4480.0 1536.5  0.0   646400.0 15438.0   393216.0   170297.3  65536.0 16276.8     30    0.164   1      0.028    0.192
4480.0 4480.0 1536.5  0.0   646400.0 15438.0   393216.0   170297.3  65536.0 16276.8     30    0.164   1      0.028    0.192
4480.0 4480.0 1536.5  0.0   646400.0 15438.0   393216.0   170297.3  65536.0 16276.8     30    0.164   1      0.028    0.192
4480.0 4480.0 1536.5  0.0   646400.0 15438.0   393216.0   170297.3  65536.0 16276.8     30    0.164   1      0.028    0.192
4480.0 4480.0 1536.5  0.0   646400.0 15438.0   393216.0   170297.3  65536.0 16276.8     30    0.164   1      0.028    0.192
4480.0 4480.0 1536.5  0.0   646400.0 15438.0   393216.0   170297.3  65536.0 16276.8     30    0.164   1      0.028    0.192
4480.0 4480.0 1536.5  0.0   646400.0 15438.0   393216.0   170297.3  65536.0 16276.8     30    0.164   1      0.028    0.192
4480.0 4480.0 1536.5  0.0   646400.0 15438.0   393216.0   170297.3  65536.0 16276.8     30    0.164   1      0.028    0.192
4480.0 4480.0 1536.5  0.0   646400.0 15438.0   393216.0   170297.3  65536.0 16276.8     30    0.164   1      0.028    0.192
4480.0 4480.0 1536.5  0.0   646400.0 15438.0   393216.0   170297.3  65536.0 16276.8     30    0.164   1      0.028    0.192
4480.0 4480.0 1536.5  0.0   646400.0 15438.0   393216.0   170297.3  65536.0 16276.8     30    0.164   1      0.028    0.192
4480.0 4480.0 1536.5  0.0   646400.0 15438.0   393216.0   170297.3  65536.0 16276.8     30    0.164   1      0.028    0.192
4480.0 4480.0 1536.5  0.0   646400.0 15438.0   393216.0   170297.3  65536.0 16276.8     30    0.164   1      0.028    0.192
4480.0 4480.0 1536.5  0.0   646400.0 15438.0   393216.0   170297.3  65536.0 16276.8     30    0.164   1      0.028    0.192
4480.0 4480.0 1536.5  0.0   646400.0 15438.0   393216.0   170297.3  65536.0 16276.8     30    0.164   1      0.028    0.192
4480.0 4480.0 1536.5  0.0   646400.0 15438.0   393216.0   170297.3  65536.0 16276.8     30    0.164   1      0.028    0.192
4480.0 4480.0 1536.5  0.0   646400.0 15438.0   393216.0   170297.3  65536.0 16276.8     30    0.164   1      0.028    0.192
4480.0 4480.0 1536.5  0.0   646400.0 15438.0   393216.0   170297.3  65536.0 16276.8     30    0.164   1      0.028    0.192
4480.0 4480.0 1536.5  0.0   646400.0 15438.0   393216.0   170297.3  65536.0 16276.8     30    0.164   1      0.028    0.192
4480.0 4480.0 1536.5  0.0   646400.0 15438.0   393216.0   170297.3  65536.0 16276.8     30    0.164   1      0.028    0.192
4480.0 4480.0 1536.5  0.0   646400.0 15438.0   393216.0   170297.3  65536.0 16276.8     30    0.164   1      0.028    0.192
4480.0 4480.0 1536.5  0.0   646400.0 15438.0   393216.0   170297.3  65536.0 16276.8     30    0.164   1      0.028    0.192
4480.0 4480.0 1536.5  0.0   646400.0 15438.0   393216.0   170297.3  65536.0 16276.8     30    0.164   1      0.028    0.192
4480.0 4480.0 1536.5  0.0   646400.0 15438.0   393216.0   170297.3  65536.0 16276.8     30    0.164   1      0.028    0.192
4480.0 4480.0 1536.5  0.0   646400.0 15438.0   393216.0   170297.3  65536.0 16276.8     30    0.164   1      0.028    0.192
4480.0 4480.0 1536.5  0.0   646400.0 15438.0   393216.0   170297.3  65536.0 16276.8     30    0.164   1      0.028    0.192
4480.0 4480.0 1536.5  0.0   646400.0 15438.0   393216.0   170297.3  65536.0 16276.8     30    0.164   1      0.028    0.192
4480.0 4480.0 1536.5  0.0   646400.0 15438.0   393216.0   170297.3  65536.0 16276.8     30    0.164   1      0.028    0.192
4480.0 4480.0 1536.5  0.0   646400.0 15438.0   393216.0   170297.3  65536.0 16276.8     30    0.164   1      0.028    0.192
4480.0 4480.0 1536.5  0.0   646400.0 15438.0   393216.0   170297.3  65536.0 16276.8     30    0.164   1      0.028    0.192
4480.0 4480.0 1536.5  0.0   646400.0 15438.0   393216.0   170297.3  65536.0 16276.8     30    0.164   1      0.028    0.192
4480.0 4480.0 1536.5  0.0   646400.0 15438.0   393216.0   170297.3  65536.0 16276.8     30    0.164   1      0.028    0.192
4480.0 4480.0 1536.5  0.0   646400.0 15438.0   393216.0   170297.3  65536.0 16276.8     30    0.164   1      0.028    0.192
4480.0 4480.0 1536.5  0.0   646400.0 15438.0   393216.0   170297.3  65536.0 16276.8     30    0.164   1      0.028    0.192
4480.0 4480.0 1536.5  0.0   646400.0 15438.0   393216.0   170297.3  65536.0 16276.8     30    0.164   1      0.028    0.192
4480.0 4480.0 1536.5  0.0   646400.0 15438.0   393216.0   170297.3  65536.0 16276.8     30    0.164   1      0.028    0.192
4480.0 4480.0 1536.5  0.0   646400.0 15438.0   393216.0   170297.3  65536.0 16276.8     30    0.164   1      0.028    0.192
4480.0 4480.0 1536.5  0.0   646400.0 15438.0   393216.0   170297.3  65536.0 16276.8     30    0.164   1      0.028    0.192
4480.0 4480.0 1536.5  0.0   646400.0 15438.0   393216.0   170297.3  65536.0 16276.8     30    0.164   1      0.028    0.192
4480.0 4480.0 1536.5  0.0   646400.0 15438.0   393216.0   170297.3  65536.0 16276.8     30    0.164   1      0.028    0.192
4480.0 4480.0 1536.5  0.0   646400.0 15438.0   393216.0   170297.3  65536.0 16276.8     30    0.164   1      0.028    0.192
4480.0 4480.0 1536.5  0.0   646400.0 15438.0   393216.0   170297.3  65536.0 16276.8     30    0.164   1      0.028    0.192
4480.0 4480.0 1536.5  0.0   646400.0 15438.0   393216.0   170297.3  65536.0 16276.8     30    0.164   1      0.028    0.192
4480.0 4480.0 1536.5  0.0   646400.0 15438.0   393216.0   170297.3  65536.0 16276.8     30    0.164   1      0.028    0.192
4480.0 4480.0 1536.5  0.0   646400.0 15438.0   393216.0   170297.3  65536.0 16276.8     30    0.164   1      0.028    0.192
4480.0 4480.0 1536.5  0.0   646400.0 15438.0   393216.0   170297.3  65536.0 16276.8     30    0.164   1      0.028    0.192
4480.0 4480.0 1536.5  0.0   646400.0 15438.0   393216.0   170297.3  65536.0 16276.8     30    0.164   1      0.028    0.192
4480.0 4480.0 1536.5  0.0   646400.0 15438.0   393216.0   170297.3  65536.0 16276.8     30    0.164   1      0.028    0.192
4480.0 4480.0 1536.5  0.0   646400.0 15438.0   393216.0   170297.3  65536.0 16276.8     30    0.164   1      0.028    0.192
4480.0 4480.0 1536.5  0.0   646400.0 15438.0   393216.0   170297.3  65536.0 16276.8     30    0.164   1      0.028    0.192
4480.0 4480.0 1536.5  0.0   646400.0 15438.0   393216.0   170297.3  65536.0 16276.8     30    0.164   1      0.028    0.192
4480.0 4480.0 1536.5  0.0   646400.0 15438.0   393216.0   170297.3  65536.0 16276.8     30    0.164   1      0.028    0.192
4480.0 4480.0 1536.5  0.0   646400.0 15438.0   393216.0   170297.3  65536.0 16276.8     30    0.164   1      0.028    0.192
4480.0 4480.0 1536.5  0.0   646400.0 15438.0   393216.0   170297.3  65536.0 16276.8     30    0.164   1      0.028    0.192
4480.0 4480.0 1536.5  0.0   646400.0 15438.0   393216.0   170297.3  65536.0 16276.8     30    0.164   1      0.028    0.192
4480.0 4480.0 1536.5  0.0   646400.0 15438.0   393216.0   170297.3  65536.0 16276.8     30    0.164   1      0.028    0.192