Buildfile: build-debug.xml

performance-test:
   [jmeter] Executing test plan: /home/jmeter/performance/jmeter-tests/perftest-x.jmx
   [jmeter] Created the tree successfully
   [jmeter] Starting the test
   [jmeter] [GC
   [jmeter] Desired survivor size 6684672 bytes, new threshold 1 (max 2)
   [jmeter] - age   1:   13369344 bytes,   13369344 total
   [jmeter]  104802K->34871K(249088K), 0.6541800 secs]
   [jmeter] [GC
   [jmeter] Desired survivor size 6684672 bytes, new threshold 2 (max 2)
   [jmeter] - age   1:    3854072 bytes,    3854072 total
   [jmeter]  139786K->37354K(249088K), 0.1675020 secs]
   [jmeter] [GC
   [jmeter] Desired survivor size 6684672 bytes, new threshold 2 (max 2)
   [jmeter] - age   1:    3908640 bytes,    3908640 total
   [jmeter] - age   2:    1028232 bytes,    4936872 total
   [jmeter]  142247K->38411K(249088K), 0.0344840 secs]
   [jmeter] [GC
   [jmeter] Desired survivor size 6684672 bytes, new threshold 2 (max 2)
   [jmeter] - age   1:    4696400 bytes,    4696400 total
   [jmeter] - age   2:    1016528 bytes,    5712928 total
   [jmeter]  142851K->39181K(249088K), 0.0336760 secs]
   [jmeter] [GC
   [jmeter] Desired survivor size 6684672 bytes, new threshold 2 (max 2)
   [jmeter] - age   1:    3901216 bytes,    3901216 total
   [jmeter] - age   2:    1511560 bytes,    5412776 total
   [jmeter]  143859K->38887K(249088K), 0.0288810 secs]
   [jmeter] [GC
   [jmeter] Desired survivor size 6684672 bytes, new threshold 2 (max 2)
   [jmeter] - age   1:    4154736 bytes,    4154736 total
   [jmeter] - age   2:    1029552 bytes,    5184288 total
   [jmeter]  143363K->39868K(249088K), 0.0353040 secs]
   [jmeter] [GC
   [jmeter] Desired survivor size 6684672 bytes, new threshold 2 (max 2)
   [jmeter] - age   1:    3532552 bytes,    3532552 total
   [jmeter] - age   2:    1016920 bytes,    4549472 total
   [jmeter]  144679K->39260K(249088K), 0.0252940 secs]
   [jmeter] [GC
   [jmeter] Desired survivor size 6684672 bytes, new threshold 2 (max 2)
   [jmeter] - age   1:    3755672 bytes,    3755672 total
   [jmeter] - age   2:    1016920 bytes,    4772592 total
   [jmeter]  144217K->39478K(249088K), 0.0274280 secs]
   [jmeter] [GC
   [jmeter] Desired survivor size 6684672 bytes, new threshold 2 (max 2)
   [jmeter] - age   1:    5204480 bytes,    5204480 total
   [jmeter] - age   2:    2189560 bytes,    7394040 total
   [jmeter]  143933K->42038K(249088K), 0.0407500 secs]
   [jmeter] [GC
   [jmeter] Desired survivor size 6684672 bytes, new threshold 2 (max 2)
   [jmeter] - age   1:    4021424 bytes,    4021424 total
   [jmeter] - age   2:    1016416 bytes,    5037840 total
   [jmeter]  146808K->40952K(249088K), 0.0359280 secs]
   [jmeter] [GC
   [jmeter] Desired survivor size 6684672 bytes, new threshold 1 (max 2)
   [jmeter] - age   1:    7265240 bytes,    7265240 total
   [jmeter] - age   2:    1015128 bytes,    8280368 total
   [jmeter]  144480K->44120K(249088K), 0.0424420 secs]
   [jmeter] [GC
   [jmeter] Desired survivor size 6684672 bytes, new threshold 2 (max 2)
   [jmeter] - age   1:    4224960 bytes,    4224960 total
   [jmeter]  145104K->41767K(249088K), 0.0309860 secs]
   [jmeter] [GC
   [jmeter] Desired survivor size 6684672 bytes, new threshold 2 (max 2)
   [jmeter] - age   1:    2120304 bytes,    2120304 total
   [jmeter] - age   2:    1026752 bytes,    3147056 total
   [jmeter]  146617K->40714K(249088K), 0.0173960 secs]
   [jmeter] [GC
   [jmeter] Desired survivor size 6684672 bytes, new threshold 2 (max 2)
   [jmeter] - age   1:    4521168 bytes,    4521168 total
   [jmeter] - age   2:    1016680 bytes,    5537848 total
   [jmeter]  142482K->43059K(249088K), 0.0279560 secs]
   [jmeter] [GC
   [jmeter] Desired survivor size 6684672 bytes, new threshold 2 (max 2)
   [jmeter] - age   1:    5606520 bytes,    5606520 total
   [jmeter] - age   2:    1016248 bytes,    6622768 total
   [jmeter]  147221K->44119K(249088K), 0.0317370 secs]
   [jmeter] [GC
   [jmeter] Desired survivor size 6684672 bytes, new threshold 2 (max 2)
   [jmeter] - age   1:    2647408 bytes,    2647408 total
   [jmeter] - age   2:    1016696 bytes,    3664104 total
   [jmeter]  148472K->41230K(249088K), 0.0190800 secs]
   [jmeter] [GC
   [jmeter] Desired survivor size 6684672 bytes, new threshold 2 (max 2)
   [jmeter] - age   1:    5827312 bytes,    5827312 total
   [jmeter] - age   2:    1016696 bytes,    6844008 total
   [jmeter]  143641K->44335K(249088K), 0.0325650 secs]
   [jmeter] [GC
   [jmeter] Desired survivor size 6684672 bytes, new threshold 2 (max 2)
   [jmeter] - age   1:    1508192 bytes,    1508192 total
   [jmeter] - age   2:    1016696 bytes,    2524888 total
   [jmeter]  149287K->40117K(249088K), 0.0148410 secs]
   [jmeter] [GC
   [jmeter] Desired survivor size 6684672 bytes, new threshold 2 (max 2)
   [jmeter] - age   1:    5297496 bytes,    5297496 total
   [jmeter] - age   2:     979344 bytes,    6276840 total
   [jmeter]  143497K->43781K(249088K), 0.0335780 secs]
   [jmeter] [GC
   [jmeter] Desired survivor size 6684672 bytes, new threshold 2 (max 2)
   [jmeter] - age   1:    2209400 bytes,    2209400 total
   [jmeter] - age   2:    1401864 bytes,    3611264 total
   [jmeter]  148622K->41284K(249088K), 0.0206260 secs]
   [jmeter] [GC
   [jmeter] Desired survivor size 6684672 bytes, new threshold 1 (max 2)
   [jmeter] - age   1:    7152464 bytes,    7152464 total
   [jmeter] - age   2:    1027152 bytes,    8179616 total
   [jmeter]  144312K->46843K(249088K), 0.0459450 secs]
   [jmeter] [GC
   [jmeter] Desired survivor size 6684672 bytes, new threshold 2 (max 2)
   [jmeter] - age   1:    4456296 bytes,    4456296 total
   [jmeter]  151286K->44210K(249088K), 0.0273110 secs]
   [jmeter] [GC
   [jmeter] Desired survivor size 6684672 bytes, new threshold 2 (max 2)
   [jmeter] - age   1:    5128696 bytes,    5128696 total
   [jmeter] - age   2:    1014968 bytes,    6143664 total
   [jmeter]  146158K->45858K(249088K), 0.0305520 secs]
   [jmeter] [GC
   [jmeter] Desired survivor size 6684672 bytes, new threshold 2 (max 2)
   [jmeter] - age   1:    6612552 bytes,    6612552 total
   [jmeter] - age   2:    1015400 bytes,    7627952 total
   [jmeter]  150512K->47308K(249088K), 0.0378320 secs]
   [jmeter] [GC
   [jmeter] Desired survivor size 6684672 bytes, new threshold 2 (max 2)
   [jmeter] - age   1:    4144384 bytes,    4144384 total
   [jmeter] - age   2:    1015416 bytes,    5159800 total
   [jmeter]  151058K->44898K(249088K), 0.0263100 secs]
   [jmeter] [GC
   [jmeter] Desired survivor size 6684672 bytes, new threshold 1 (max 2)
   [jmeter] - age   1:    6716504 bytes,    6716504 total
   [jmeter] - age   2:    1017032 bytes,    7733536 total
   [jmeter]  147669K->47411K(249088K), 0.0392330 secs]
   [jmeter] [GC
   [jmeter] Desired survivor size 6684672 bytes, new threshold 2 (max 2)
   [jmeter] - age   1:    1955672 bytes,    1955672 total
   [jmeter]  152199K->43376K(249088K), 0.0215960 secs]
   [jmeter] [GC
   [jmeter] Desired survivor size 6684672 bytes, new threshold 2 (max 2)
   [jmeter] - age   1:    5950816 bytes,    5950816 total
   [jmeter] - age   2:    1027072 bytes,    6977888 total
   [jmeter]  145686K->48281K(249088K), 0.0346550 secs]
   [jmeter] [GC
   [jmeter] Desired survivor size 6684672 bytes, new threshold 1 (max 2)
   [jmeter] - age   1:    8589904 bytes,    8589904 total
   [jmeter] - age   2:    1017000 bytes,    9606904 total
   [jmeter]  151321K->50859K(249088K), 0.0447150 secs]
   [jmeter] [GC
   [jmeter] Desired survivor size 6684672 bytes, new threshold 2 (max 2)
   [jmeter] - age   1:    3906672 bytes,    3906672 total
   [jmeter]  155381K->46285K(249088K), 0.0248450 secs]
   [jmeter] [GC
   [jmeter] Desired survivor size 6684672 bytes, new threshold 2 (max 2)
   [jmeter] - age   1:    5685120 bytes,    5685120 total
   [jmeter] - age   2:    1016568 bytes,    6701688 total
   [jmeter]  150129K->49015K(249088K), 0.0325830 secs]
   [jmeter] [GC
   [jmeter] Desired survivor size 6684672 bytes, new threshold 2 (max 2)
   [jmeter] - age   1:    4614784 bytes,    4614784 total
   [jmeter] - age   2:    1016120 bytes,    5630904 total
   [jmeter]  153595K->47969K(249088K), 0.0277880 secs]
   [jmeter] [GC
   [jmeter] Desired survivor size 6684672 bytes, new threshold 2 (max 2)
   [jmeter] - age   1:    2711128 bytes,    2711128 total
   [jmeter] - age   2:    1016120 bytes,    3727248 total
   [jmeter]  152897K->46110K(249088K), 0.0293110 secs]
   [jmeter] [GC
   [jmeter] Desired survivor size 6684672 bytes, new threshold 2 (max 2)
   [jmeter] - age   1:    2254872 bytes,    2254872 total
   [jmeter] - age   2:    1507640 bytes,    3762512 total
   [jmeter]  150604K->46145K(249088K), 0.0217680 secs]
   [jmeter] [GC
   [jmeter] Desired survivor size 6684672 bytes, new threshold 2 (max 2)
   [jmeter] - age   1:    2790016 bytes,    2790016 total
   [jmeter] - age   2:    1025384 bytes,    3815400 total
   [jmeter]  150106K->47400K(249088K), 0.0277520 secs]
   [jmeter] [GC
   [jmeter] Desired survivor size 6684672 bytes, new threshold 2 (max 2)
   [jmeter] - age   1:    2909672 bytes,    2909672 total
   [jmeter] - age   2:    1013648 bytes,    3923320 total
   [jmeter]  152145K->47517K(249088K), 0.0212950 secs]
   [jmeter] [GC
   [jmeter] Desired survivor size 6684672 bytes, new threshold 2 (max 2)
   [jmeter] - age   1:    3172904 bytes,    3172904 total
   [jmeter] - age   2:    1013200 bytes,    4186104 total
   [jmeter]  151954K->47773K(249088K), 0.0221860 secs]
   [jmeter] [GC
   [jmeter] Desired survivor size 6684672 bytes, new threshold 2 (max 2)
   [jmeter] - age   1:    4361632 bytes,    4361632 total
   [jmeter] - age   2:    1013200 bytes,    5374832 total
   [jmeter]  151719K->48934K(249088K), 0.0272900 secs]
   [jmeter] [GC
   [jmeter] Desired survivor size 6684672 bytes, new threshold 2 (max 2)
   [jmeter] - age   1:    5930584 bytes,    5930584 total
   [jmeter] - age   2:    1019536 bytes,    6950120 total
   [jmeter]  153772K->50473K(249088K), 0.0373960 secs]
   [jmeter] [GC
   [jmeter] Desired survivor size 6684672 bytes, new threshold 2 (max 2)
   [jmeter] - age   1:    5879448 bytes,    5879448 total
   [jmeter] - age   2:     963544 bytes,    6842992 total
   [jmeter]  155430K->51099K(249088K), 0.0372770 secs]
   [jmeter] [GC
   [jmeter] Desired survivor size 6684672 bytes, new threshold 1 (max 2)
   [jmeter] - age   1:    7913848 bytes,    7913848 total
   [jmeter] - age   2:     929264 bytes,    8843112 total
   [jmeter]  151370K->53590K(249088K), 0.0458960 secs]
   [jmeter] [GC
   [jmeter] Desired survivor size 6684672 bytes, new threshold 2 (max 2)
   [jmeter] - age   1:    3065208 bytes,    3065208 total
   [jmeter]  155362K->48951K(249088K), 0.0228650 secs]
   [jmeter] [GC
   [jmeter] Desired survivor size 6684672 bytes, new threshold 2 (max 2)
   [jmeter] - age   1:    1217664 bytes,    1217664 total
   [jmeter] - age   2:     952960 bytes,    2170624 total
   [jmeter]  153572K->48077K(249088K), 0.0122080 secs]
   [jmeter] [GC
   [jmeter] Desired survivor size 6684672 bytes, new threshold 1 (max 2)
   [jmeter] - age   1:   13364952 bytes,   13364952 total
   [jmeter] - age   2:       4392 bytes,   13369344 total
   [jmeter]  152812K->60740K(249088K), 0.0711380 secs]
   [jmeter] [GC
   [jmeter] Desired survivor size 6684672 bytes, new threshold 1 (max 2)
   [jmeter] - age   1:   10046600 bytes,   10046600 total
   [jmeter]  157673K->57567K(249088K), 0.0491450 secs]
   [jmeter] [GC
   [jmeter] Desired survivor size 6684672 bytes, new threshold 2 (max 2)
   [jmeter] - age   1:    5169696 bytes,    5169696 total
   [jmeter]  158593K->53734K(249088K), 0.0304770 secs]
   [jmeter] [GC
   [jmeter] Desired survivor size 6684672 bytes, new threshold 2 (max 2)
   [jmeter] - age   1:    1004304 bytes,    1004304 total
   [jmeter] - age   2:     953200 bytes,    1957504 total
   [jmeter]  158687K->50598K(249088K), 0.0115340 secs]
   [jmeter] [GC
   [jmeter] Desired survivor size 6684672 bytes, new threshold 2 (max 2)
   [jmeter] - age   1:    6594320 bytes,    6594320 total
   [jmeter] - age   2:     569728 bytes,    7164048 total
   [jmeter]  154237K->56089K(249088K), 0.0397530 secs]
   [jmeter] [GC
   [jmeter] Desired survivor size 6684672 bytes, new threshold 2 (max 2)
   [jmeter] - age   1:    6394512 bytes,    6394512 total
   [jmeter] - age   2:     647424 bytes,    7041936 total
   [jmeter]  160242K->56331K(249088K), 0.0350900 secs]
   [jmeter] [GC
   [jmeter] Desired survivor size 6684672 bytes, new threshold 2 (max 2)
   [jmeter] - age   1:    6114096 bytes,    6114096 total
   [jmeter] - age   2:     950224 bytes,    7064320 total
   [jmeter]  160979K->56448K(249088K), 0.0344880 secs]
   [jmeter] [GC
   [jmeter] Desired survivor size 6684672 bytes, new threshold 2 (max 2)
   [jmeter] - age   1:    5229832 bytes,    5229832 total
   [jmeter] - age   2:     952888 bytes,    6182720 total
   [jmeter]  161330K->55652K(249088K), 0.0335460 secs]
   [jmeter] [GC
   [jmeter] Desired survivor size 6684672 bytes, new threshold 2 (max 2)
   [jmeter] - age   1:    1553728 bytes,    1553728 total
   [jmeter] - age   2:    1164368 bytes,    2718096 total
   [jmeter]  160449K->52609K(249088K), 0.0171620 secs]
   [jmeter] [GC
   [jmeter] Desired survivor size 6684672 bytes, new threshold 1 (max 2)
   [jmeter] - age   1:    7739552 bytes,    7739552 total
   [jmeter] - age   2:     678208 bytes,    8417760 total
   [jmeter]  156050K->59310K(249088K), 0.0463630 secs]
   [jmeter] [GC
   [jmeter] Desired survivor size 6684672 bytes, new threshold 1 (max 2)
   [jmeter] - age   1:   13369344 bytes,   13369344 total
   [jmeter]  164147K->65662K(249088K), 0.0676240 secs]
   [jmeter] [GC
   [jmeter] Desired survivor size 6684672 bytes, new threshold 1 (max 2)
   [jmeter] - age   1:    9967040 bytes,    9967040 total
   [jmeter]  169150K->62765K(249088K), 0.0504860 secs]
   [jmeter] [GC
   [jmeter] Desired survivor size 6684672 bytes, new threshold 2 (max 2)
   [jmeter] - age   1:    6018656 bytes,    6018656 total
   [jmeter]  167527K->59839K(249088K), 0.0333500 secs]
   [jmeter] [GC
   [jmeter] Desired survivor size 6684672 bytes, new threshold 2 (max 2)
   [jmeter] - age   1:    5016384 bytes,    5016384 total
   [jmeter] - age   2:    1015760 bytes,    6032144 total
   [jmeter]  162199K->59852K(249088K), 0.0293780 secs]
   [jmeter] [GC
   [jmeter] Desired survivor size 6684672 bytes, new threshold 2 (max 2)
   [jmeter] - age   1:    1542456 bytes,    1542456 total
   [jmeter] - age   2:     951968 bytes,    2494424 total
   [jmeter]  164638K->56462K(249088K), 0.0138920 secs]
   [jmeter] [GC
   [jmeter] Desired survivor size 6684672 bytes, new threshold 1 (max 2)
   [jmeter] - age   1:    7738712 bytes,    7738712 total
   [jmeter] - age   2:     666864 bytes,    8405576 total
   [jmeter]  159902K->62576K(249088K), 0.0431190 secs]
   [jmeter] [GC
   [jmeter] Desired survivor size 6684672 bytes, new threshold 1 (max 2)
   [jmeter] - age   1:   13369344 bytes,   13369344 total
   [jmeter]  167396K->68926K(249088K), 0.0674350 secs]
   [jmeter] [GC
   [jmeter] Desired survivor size 6684672 bytes, new threshold 1 (max 2)
   [jmeter] - age   1:    9969312 bytes,    9969312 total
   [jmeter]  172431K->66031K(249088K), 0.0480450 secs]
   [jmeter] [GC
   [jmeter] Desired survivor size 6684672 bytes, new threshold 2 (max 2)
   [jmeter] - age   1:    6018656 bytes,    6018656 total
   [jmeter]  170793K->63103K(249088K), 0.0348090 secs]
   [jmeter] [GC
   [jmeter] Desired survivor size 6684672 bytes, new threshold 2 (max 2)
   [jmeter] - age   1:    3823232 bytes,    3823232 total
   [jmeter] - age   2:    1018144 bytes,    4841376 total
   [jmeter]  167167K->61953K(249088K), 0.0261730 secs]
   [jmeter] [GC
   [jmeter] Desired survivor size 6684672 bytes, new threshold 2 (max 2)
   [jmeter] - age   1:    2427896 bytes,    2427896 total
   [jmeter] - age   2:    1166656 bytes,    3594552 total
   [jmeter]  165374K->61075K(249088K), 0.0210940 secs]
   [jmeter] [GC
   [jmeter] Desired survivor size 6684672 bytes, new threshold 1 (max 2)
   [jmeter] - age   1:   10572576 bytes,   10572576 total
   [jmeter] - age   2:     405720 bytes,   10978296 total
   [jmeter]  164869K->69421K(249088K), 0.0577240 secs]
   [jmeter] [GC
   [jmeter] Desired survivor size 6684672 bytes, new threshold 1 (max 2)
   [jmeter] - age   1:   13369344 bytes,   13369344 total
   [jmeter]  172296K->73581K(249088K), 0.0715560 secs]
   [jmeter] [GC
   [jmeter] Desired survivor size 6684672 bytes, new threshold 1 (max 2)
   [jmeter] - age   1:    7280368 bytes,    7280368 total
   [jmeter]  173142K->67749K(249088K), 0.0353700 secs]
   [jmeter] [GC
   [jmeter] Desired survivor size 6684672 bytes, new threshold 2 (max 2)
   [jmeter] - age   1:    1284192 bytes,    1284192 total
   [jmeter]  172404K->62825K(249088K), 0.0132050 secs]
   [jmeter] [GC
   [jmeter] Desired survivor size 6684672 bytes, new threshold 1 (max 2)
   [jmeter] - age   1:    7521016 bytes,    7521016 total
   [jmeter] - age   2:     671648 bytes,    8192664 total
   [jmeter]  167212K->69572K(249088K), 0.0387050 secs]
   [jmeter] [GC
   [jmeter] Desired survivor size 6684672 bytes, new threshold 2 (max 2)
   [jmeter] - age   1:    6432904 bytes,    6432904 total
   [jmeter]  174223K->68851K(249088K), 0.0381860 secs]
   [jmeter] [GC
   [jmeter] Desired survivor size 6684672 bytes, new threshold 1 (max 2)
   [jmeter] - age   1:    7872024 bytes,    7872024 total
   [jmeter] - age   2:     949632 bytes,    8821656 total
   [jmeter]  170446K->71184K(249088K), 0.0410880 secs]
   [jmeter] [GC
   [jmeter] Desired survivor size 6684672 bytes, new threshold 2 (max 2)
   [jmeter] - age   1:    3066088 bytes,    3066088 total
   [jmeter]  175494K->66556K(249088K), 0.0208590 secs]
   [jmeter] [GC
   [jmeter] Desired survivor size 6684672 bytes, new threshold 2 (max 2)
   [jmeter] - age   1:     604320 bytes,     604320 total
   [jmeter] - age   2:     951920 bytes,    1556240 total
   [jmeter]  171516K->65081K(249088K), 0.0094260 secs]
   [jmeter] [GC
   [jmeter] Desired survivor size 6684672 bytes, new threshold 1 (max 2)
   [jmeter] - age   1:   10035488 bytes,   10035488 total
   [jmeter] - age   2:     334176 bytes,   10369664 total
   [jmeter]  163856K->74355K(249088K), 0.0518080 secs]
   [jmeter] [GC
   [jmeter] Desired survivor size 6684672 bytes, new threshold 1 (max 2)
   [jmeter] - age   1:    7922440 bytes,    7922440 total
   [jmeter]  177791K->72957K(249088K), 0.0441780 secs]
   [jmeter] [GC
   [jmeter] Desired survivor size 6684672 bytes, new threshold 2 (max 2)
   [jmeter] - age   1:    3700184 bytes,    3700184 total
   [jmeter]  177799K->69764K(249088K), 0.0261440 secs]
   [jmeter] [GC
   [jmeter] Desired survivor size 6684672 bytes, new threshold 1 (max 2)
   [jmeter] - age   1:   10705328 bytes,   10705328 total
   [jmeter] - age   2:    1170192 bytes,   11875520 total
   [jmeter]  171737K->77747K(249088K), 0.0550740 secs]
   [jmeter] [GC
   [jmeter] Desired survivor size 6684672 bytes, new threshold 2 (max 2)
   [jmeter] - age   1:    5190272 bytes,    5190272 total
   [jmeter]  179143K->72555K(249088K), 0.0347720 secs]
   [jmeter] [GC
   [jmeter] Desired survivor size 6684672 bytes, new threshold 2 (max 2)
   [jmeter] - age   1:    6181008 bytes,    6181008 total
   [jmeter] - age   2:     828616 bytes,    7009624 total
   [jmeter]  177408K->74332K(249088K), 0.0329060 secs]
   [jmeter] [GC
   [jmeter] Desired survivor size 6684672 bytes, new threshold 1 (max 2)
   [jmeter] - age   1:    7211216 bytes,    7211216 total
   [jmeter] - age   2:     267360 bytes,    7478576 total
   [jmeter]  173377K->75531K(249088K), 0.0396360 secs]
   [jmeter] [GC
   [jmeter] Desired survivor size 6684672 bytes, new threshold 1 (max 2)
   [jmeter] - age   1:    7747472 bytes,    7747472 total
   [jmeter]  179298K->76790K(249088K), 0.0401990 secs]
   [jmeter] [GC
   [jmeter] Desired survivor size 6684672 bytes, new threshold 1 (max 2)
   [jmeter] - age   1:   11404336 bytes,   11404336 total
   [jmeter]  180952K->80624K(249088K), 0.0548010 secs]
   [jmeter] [GC
   [jmeter] Desired survivor size 6684672 bytes, new threshold 2 (max 2)
   [jmeter] - age   1:    3884072 bytes,    3884072 total
   [jmeter]  185553K->74018K(249088K), 0.0227110 secs]
   [jmeter] [GC
   [jmeter] Desired survivor size 6684672 bytes, new threshold 2 (max 2)
   [jmeter] - age   1:    5881024 bytes,    5881024 total
   [jmeter] - age   2:     335624 bytes,    6216648 total
   [jmeter]  178978K->76296K(249088K), 0.0306670 secs]
   [jmeter] [GC
   [jmeter] Desired survivor size 6684672 bytes, new threshold 2 (max 2)
   [jmeter] - age   1:    4471944 bytes,    4471944 total
   [jmeter] - age   2:     729088 bytes,    5201032 total
   [jmeter]  177403K->75567K(249088K), 0.0265440 secs]
   [jmeter] [GC
   [jmeter] Desired survivor size 6684672 bytes, new threshold 1 (max 2)
   [jmeter] - age   1:    7913640 bytes,    7913640 total
   [jmeter] - age   2:     360184 bytes,    8273824 total
   [jmeter]  178397K->79211K(249088K), 0.0423720 secs]
   [jmeter] [GC
   [jmeter] Desired survivor size 6684672 bytes, new threshold 2 (max 2)
   [jmeter] - age   1:    6544624 bytes,    6544624 total
   [jmeter]  180278K->78545K(249088K), 0.0383090 secs]
   [jmeter] [GC
   [jmeter] Desired survivor size 6684672 bytes, new threshold 1 (max 2)
   [jmeter] - age   1:   10013544 bytes,   10013544 total
   [jmeter] - age   2:     335472 bytes,   10349016 total
   [jmeter]  181375K->82260K(249088K), 0.0479730 secs]
   [jmeter] [GC
   [jmeter] Desired survivor size 6684672 bytes, new threshold 2 (max 2)
   [jmeter] - age   1:    6542352 bytes,    6542352 total
   [jmeter]  179126K->79543K(249088K), 0.0358000 secs]
   [jmeter] [GC
   [jmeter] Desired survivor size 6684672 bytes, new threshold 1 (max 2)
   [jmeter] - age   1:   10013544 bytes,   10013544 total
   [jmeter] - age   2:     335040 bytes,   10348584 total
   [jmeter]  182374K->83260K(249088K), 0.0495480 secs]
   [jmeter] [GC
   [jmeter] Desired survivor size 6684672 bytes, new threshold 2 (max 2)
   [jmeter] - age   1:    6544624 bytes,    6544624 total
   [jmeter]  180143K->80546K(249088K), 0.0360200 secs]
   [jmeter] [GC
   [jmeter] Desired survivor size 6684672 bytes, new threshold 1 (max 2)
   [jmeter] - age   1:   10013544 bytes,   10013544 total
   [jmeter] - age   2:     335472 bytes,   10349016 total
   [jmeter]  183377K->84261K(249088K), 0.0476680 secs]
   [jmeter] [GC
   [jmeter] Desired survivor size 6684672 bytes, new threshold 2 (max 2)
   [jmeter] - age   1:    6542352 bytes,    6542352 total
   [jmeter]  181128K->81544K(249088K), 0.0358780 secs]
   [jmeter] [GC
   [jmeter] Desired survivor size 6684672 bytes, new threshold 1 (max 2)
   [jmeter] - age   1:   10013544 bytes,   10013544 total
   [jmeter] - age   2:     335040 bytes,   10348584 total
   [jmeter]  184375K->85261K(249088K), 0.0520850 secs]
   [jmeter] [GC
   [jmeter] Desired survivor size 6684672 bytes, new threshold 2 (max 2)
   [jmeter] - age   1:    6544624 bytes,    6544624 total
   [jmeter]  182144K->82547K(249088K), 0.0360520 secs]
   [jmeter] [GC
   [jmeter] Desired survivor size 6684672 bytes, new threshold 1 (max 2)
   [jmeter] - age   1:   13085048 bytes,   13085048 total
   [jmeter] - age   2:     284296 bytes,   13369344 total
   [jmeter]  187224K->89661K(249088K), 0.0647040 secs]
   [jmeter] [GC
   [jmeter] Desired survivor size 6684672 bytes, new threshold 2 (max 2)
   [jmeter] - age   1:    3858360 bytes,    3858360 total
   [jmeter]  193159K->81133K(249088K), 0.0252620 secs]
   [jmeter] [GC
   [jmeter] Desired survivor size 6684672 bytes, new threshold 2 (max 2)
   [jmeter] - age   1:     957512 bytes,     957512 total
   [jmeter] - age   2:     966496 bytes,    1924008 total
   [jmeter]  186093K->79244K(249088K), 0.0123870 secs]
   [jmeter] [GC
   [jmeter] Desired survivor size 6684672 bytes, new threshold 1 (max 2)
   [jmeter] - age   1:   13209768 bytes,   13209768 total
   [jmeter] - age   2:     159576 bytes,   13369344 total
   [jmeter]  181802K->91450K(249088K), 0.0659930 secs]
   [jmeter] [GC
   [jmeter] Desired survivor size 6684672 bytes, new threshold 2 (max 2)
   [jmeter] - age   1:    6214040 bytes,    6214040 total
   [jmeter]  194849K->85178K(249088K), 0.0338490 secs]
   [jmeter] [GC
   [jmeter] Desired survivor size 6684672 bytes, new threshold 2 (max 2)
   [jmeter] - age   1:    2999008 bytes,    2999008 total
   [jmeter] - age   2:     954048 bytes,    3953056 total
   [jmeter]  189197K->82970K(249088K), 0.0199050 secs]
   [jmeter] [GC
   [jmeter] Desired survivor size 6684672 bytes, new threshold 1 (max 2)
   [jmeter] - age   1:   12995000 bytes,   12995000 total
   [jmeter] - age   2:     374344 bytes,   13369344 total
   [jmeter]  186524K->92942K(249088K), 0.0657860 secs]
   [jmeter] [GC
   [jmeter] Desired survivor size 6684672 bytes, new threshold 2 (max 2)
   [jmeter] - age   1:    6259552 bytes,    6259552 total
   [jmeter]  196376K->86759K(249088K), 0.0342670 secs]
   [jmeter] [GC
   [jmeter] Desired survivor size 6684672 bytes, new threshold 1 (max 2)
   [jmeter] - age   1:    6922448 bytes,    6922448 total
   [jmeter] - age   2:     951504 bytes,    7873952 total
   [jmeter]  185925K->88336K(249088K), 0.0369480 secs]
   [jmeter] [GC
   [jmeter] Desired survivor size 6684672 bytes, new threshold 2 (max 2)
   [jmeter] - age   1:    3008504 bytes,    3008504 total
   [jmeter]  191250K->84582K(249088K), 0.0212610 secs]
   [jmeter] [GC
   [jmeter] Desired survivor size 6684672 bytes, new threshold 1 (max 2)
   [jmeter] - age   1:    9204448 bytes,    9204448 total
   [jmeter] - age   2:     401704 bytes,    9606152 total
   [jmeter]  186994K->91025K(249088K), 0.0442070 secs]
   [jmeter] [GC
   [jmeter] Desired survivor size 6684672 bytes, new threshold 1 (max 2)
   [jmeter] - age   1:    7261864 bytes,    7261864 total
   [jmeter]  192431K->89732K(249088K), 0.0399600 secs]
   [jmeter] [GC
   [jmeter] Desired survivor size 6684672 bytes, new threshold 2 (max 2)
   [jmeter] - age   1:    2202496 bytes,    2202496 total
   [jmeter]  194692K->85721K(249088K), 0.0174440 secs]
   [jmeter] [GC
   [jmeter] Desired survivor size 6684672 bytes, new threshold 1 (max 2)
   [jmeter] - age   1:   12978232 bytes,   12978232 total
   [jmeter] - age   2:     391112 bytes,   13369344 total
   [jmeter]  186225K->96997K(249088K), 0.0635520 secs]
   [jmeter] [GC
   [jmeter] Desired survivor size 6684672 bytes, new threshold 2 (max 2)
   [jmeter] - age   1:    3410776 bytes,    3410776 total
   [jmeter]  201773K->88033K(249088K), 0.0248740 secs]
   [jmeter] [GC
   [jmeter] Desired survivor size 6684672 bytes, new threshold 2 (max 2)
   [jmeter] - age   1:    4983248 bytes,    4983248 total
   [jmeter] - age   2:    1780184 bytes,    6763432 total
   [jmeter]  192181K->91307K(249088K), 0.0366820 secs]
   [jmeter] [GC
   [jmeter] Desired survivor size 6684672 bytes, new threshold 2 (max 2)
   [jmeter] - age   1:    4772336 bytes,    4772336 total
   [jmeter] - age   2:    1017984 bytes,    5790320 total
   [jmeter]  195488K->91101K(249088K), 0.0356450 secs]
   [jmeter] [GC
   [jmeter] Desired survivor size 6684672 bytes, new threshold 2 (max 2)
   [jmeter] - age   1:    5355960 bytes,    5355960 total
   [jmeter] - age   2:    1017536 bytes,    6373496 total
   [jmeter]  194135K->91671K(249088K), 0.0350550 secs]
   [jmeter] [GC
   [jmeter] Desired survivor size 6684672 bytes, new threshold 2 (max 2)
   [jmeter] - age   1:    3178272 bytes,    3178272 total
   [jmeter] - age   2:    2263456 bytes,    5441728 total
   [jmeter]  196407K->90761K(249088K), 0.0322260 secs]
   [jmeter] [GC
   [jmeter] Desired survivor size 6684672 bytes, new threshold 2 (max 2)
   [jmeter] - age   1:    3039184 bytes,    3039184 total
   [jmeter] - age   2:    1018056 bytes,    4057240 total
   [jmeter]  195492K->90625K(249088K), 0.0302280 secs]
   [jmeter] [GC
   [jmeter] Desired survivor size 6684672 bytes, new threshold 2 (max 2)
   [jmeter] - age   1:    4470496 bytes,    4470496 total
   [jmeter] - age   2:    1018504 bytes,    5489000 total
   [jmeter]  194779K->92023K(249088K), 0.0291200 secs]
   [jmeter] [GC
   [jmeter] Desired survivor size 6684672 bytes, new threshold 2 (max 2)
   [jmeter] - age   1:    3687336 bytes,    3687336 total
   [jmeter] - age   2:    1020440 bytes,    4707776 total
   [jmeter]  196981K->91260K(249088K), 0.0283170 secs]
   [jmeter] [GC
   [jmeter] Desired survivor size 6684672 bytes, new threshold 2 (max 2)
   [jmeter] - age   1:    3692224 bytes,    3692224 total
   [jmeter] - age   2:    1913456 bytes,    5605680 total
   [jmeter]  196212K->92479K(249088K), 0.0346700 secs]
   [jmeter] [GC
   [jmeter] Desired survivor size 6684672 bytes, new threshold 2 (max 2)
   [jmeter] - age   1:    3687224 bytes,    3687224 total
   [jmeter] - age   2:     950736 bytes,    4637960 total
   [jmeter]  197434K->92410K(249088K), 0.0321170 secs]
   [jmeter] [GC
   [jmeter] Desired survivor size 6684672 bytes, new threshold 2 (max 2)
   [jmeter] - age   1:    3044040 bytes,    3044040 total
   [jmeter] - age   2:     989176 bytes,    4033216 total
   [jmeter]  197314K->91820K(249088K), 0.0242830 secs]
   [jmeter] [GC
   [jmeter] Desired survivor size 6684672 bytes, new threshold 2 (max 2)
   [jmeter] - age   1:    5442960 bytes,    5442960 total
   [jmeter] - age   2:    1742648 bytes,    7185608 total
   [jmeter]  193771K->95405K(249088K), 0.0391270 secs]
   [jmeter] [GC
   [jmeter] Desired survivor size 6684672 bytes, new threshold 2 (max 2)
   [jmeter] - age   1:    5599952 bytes,    5599952 total
   [jmeter] - age   2:    1017096 bytes,    6617048 total
   [jmeter]  199560K->95558K(249088K), 0.0375850 secs]
   [jmeter] [GC
   [jmeter] Desired survivor size 6684672 bytes, new threshold 2 (max 2)
   [jmeter] - age   1:    4215304 bytes,    4215304 total
   [jmeter] - age   2:    1017544 bytes,    5232848 total
   [jmeter]  196533K->94206K(249088K), 0.0281610 secs]
   [jmeter] [GC
   [jmeter] Desired survivor size 6684672 bytes, new threshold 2 (max 2)
   [jmeter] - age   1:    2184416 bytes,    2184416 total
   [jmeter] - age   2:    1017096 bytes,    3201512 total
   [jmeter]  199164K->92222K(249088K), 0.0179560 secs]
   [jmeter] [GC
   [jmeter] Desired survivor size 6684672 bytes, new threshold 2 (max 2)
   [jmeter] - age   1:    4518872 bytes,    4518872 total
   [jmeter] - age   2:    1017096 bytes,    5535968 total
   [jmeter]  193854K->94502K(249088K), 0.0278190 secs]
   [jmeter] [GC
   [jmeter] Desired survivor size 6684672 bytes, new threshold 2 (max 2)
   [jmeter] - age   1:    5599560 bytes,    5599560 total
   [jmeter] - age   2:    1017096 bytes,    6616656 total
   [jmeter]  198644K->95558K(249088K), 0.0319880 secs]
   [jmeter] [GC
   [jmeter] Desired survivor size 6684672 bytes, new threshold 2 (max 2)
   [jmeter] - age   1:    2232696 bytes,    2232696 total
   [jmeter] - age   2:    1017544 bytes,    3250240 total
   [jmeter]  200517K->92270K(249088K), 0.0312170 secs]
   [jmeter] [GC
   [jmeter] Desired survivor size 6684672 bytes, new threshold 2 (max 2)
   [jmeter] - age   1:    3959280 bytes,    3959280 total
   [jmeter] - age   2:    1020888 bytes,    4980168 total
   [jmeter]  197125K->93959K(249088K), 0.0275950 secs]
   [jmeter] [GC
   [jmeter] Desired survivor size 6684672 bytes, new threshold 1 (max 2)
   [jmeter] - age   1:    8341136 bytes,    8341136 total
   [jmeter] - age   2:    1638808 bytes,    9979944 total
   [jmeter]  196240K->99379K(249088K), 0.0569900 secs]
   [jmeter] [GC
   [jmeter] Desired survivor size 6684672 bytes, new threshold 2 (max 2)
   [jmeter] - age   1:    1975256 bytes,    1975256 total
   [jmeter]  204155K->93233K(249088K), 0.0226360 secs]
   [jmeter] [GC
   [jmeter] Desired survivor size 6684672 bytes, new threshold 2 (max 2)
   [jmeter] - age   1:    6245448 bytes,    6245448 total
   [jmeter] - age   2:    1015304 bytes,    7260752 total
   [jmeter]  195254K->98395K(249088K), 0.0355540 secs]
   [jmeter] [GC
   [jmeter] Desired survivor size 6684672 bytes, new threshold 2 (max 2)
   [jmeter] - age   1:    2601288 bytes,    2601288 total
   [jmeter] - age   2:    1015304 bytes,    3616592 total
   [jmeter]  203121K->94836K(249088K), 0.0199760 secs]
   [jmeter] [GC
   [jmeter] Desired survivor size 6684672 bytes, new threshold 2 (max 2)
   [jmeter] - age   1:    5397856 bytes,    5397856 total
   [jmeter] - age   2:    1015304 bytes,    6413160 total
   [jmeter]  198938K->97567K(249088K), 0.0333300 secs]
   [jmeter] [GC
   [jmeter] Desired survivor size 6684672 bytes, new threshold 2 (max 2)
   [jmeter] - age   1:    2648344 bytes,    2648344 total
   [jmeter] - age   2:    1015304 bytes,    3663648 total
   [jmeter]  201868K->94882K(249088K), 0.0197630 secs]
   [jmeter] [GC
   [jmeter] Desired survivor size 6684672 bytes, new threshold 2 (max 2)
   [jmeter] - age   1:    5355936 bytes,    5355936 total
   [jmeter] - age   2:    1019736 bytes,    6375672 total
   [jmeter]  196828K->97530K(249088K), 0.0338880 secs]
   [jmeter] [GC
   [jmeter] Desired survivor size 6684672 bytes, new threshold 2 (max 2)
   [jmeter] - age   1:    5449136 bytes,    5449136 total
   [jmeter] - age   2:    1577528 bytes,    7026664 total
   [jmeter]  201593K->98832K(249088K), 0.0395620 secs]
   [jmeter] [GC
   [jmeter] Desired survivor size 6684672 bytes, new threshold 2 (max 2)
   [jmeter] - age   1:    1974184 bytes,    1974184 total
   [jmeter] - age   2:    1016664 bytes,    2990848 total
   [jmeter]  203745K->95439K(249088K), 0.0212790 secs]
   [jmeter] [GC
   [jmeter] Desired survivor size 6684672 bytes, new threshold 2 (max 2)
   [jmeter] - age   1:    6083088 bytes,    6083088 total
   [jmeter] - age   2:    1017544 bytes,    7100632 total
   [jmeter]  199709K->99452K(249088K), 0.0350000 secs]
   [jmeter] [GC
   [jmeter] Desired survivor size 6684672 bytes, new threshold 1 (max 2)
   [jmeter] - age   1:    8590288 bytes,    8590288 total
   [jmeter] - age   2:    1017112 bytes,    9607400 total
   [jmeter]  202494K->101901K(249088K), 0.0450460 secs]
   [jmeter] [GC
   [jmeter] Desired survivor size 6684672 bytes, new threshold 2 (max 2)
   [jmeter] - age   1:    3907216 bytes,    3907216 total
   [jmeter]  206416K->97328K(249088K), 0.0255060 secs]
   [jmeter] [GC
   [jmeter] Desired survivor size 6684672 bytes, new threshold 2 (max 2)
   [jmeter] - age   1:    5686112 bytes,    5686112 total
   [jmeter] - age   2:    1017112 bytes,    6703224 total
   [jmeter]  201181K->100058K(249088K), 0.0333440 secs]
   [jmeter] [GC
   [jmeter] Desired survivor size 6684672 bytes, new threshold 2 (max 2)
   [jmeter] - age   1:    3402096 bytes,    3402096 total
   [jmeter] - age   2:    1019048 bytes,    4421144 total
   [jmeter]  204744K->97830K(249088K), 0.0254080 secs]
   [jmeter] [GC
   [jmeter] Desired survivor size 6684672 bytes, new threshold 2 (max 2)
   [jmeter] - age   1:    3141432 bytes,    3141432 total
   [jmeter] - age   2:    1838208 bytes,    4979640 total
   [jmeter]  202544K->98715K(249088K), 0.0320770 secs]
   [jmeter] [GC
   [jmeter] Desired survivor size 6684672 bytes, new threshold 2 (max 2)
   [jmeter] - age   1:    3692584 bytes,    3692584 total
   [jmeter] - age   2:    1014472 bytes,    4707056 total
   [jmeter]  203156K->99323K(249088K), 0.0306400 secs]
   [jmeter] [GC
   [jmeter] Desired survivor size 6684672 bytes, new threshold 2 (max 2)
   [jmeter] - age   1:    4496112 bytes,    4496112 total
   [jmeter] - age   2:    1013632 bytes,    5509744 total
   [jmeter]  203886K->100108K(249088K), 0.0280810 secs]
   [jmeter] [GC
   [jmeter] Desired survivor size 6684672 bytes, new threshold 2 (max 2)
   [jmeter] - age   1:    3965592 bytes,    3965592 total
   [jmeter] - age   2:    1014064 bytes,    4979656 total
   [jmeter]  205016K->99590K(249088K), 0.0265080 secs]
   [jmeter] [GC
   [jmeter] Desired survivor size 6684672 bytes, new threshold 1 (max 2)
   [jmeter] - age   1:    8800680 bytes,    8800680 total
   [jmeter] - age   2:    1013184 bytes,    9813864 total
   [jmeter]  201226K->104312K(249088K), 0.0485430 secs]
   [jmeter] [GC
   [jmeter] Desired survivor size 6684672 bytes, new threshold 2 (max 2)
   [jmeter] - age   1:    3078168 bytes,    3078168 total
   [jmeter]  206261K->99207K(249088K), 0.0267760 secs]
   [jmeter] [GC
   [jmeter] Desired survivor size 6684672 bytes, new threshold 2 (max 2)
   [jmeter] - age   1:    1217888 bytes,    1217888 total
   [jmeter] - age   2:     965080 bytes,    2182968 total
   [jmeter]  204021K->98333K(249088K), 0.0121940 secs]
   [jmeter] [GC
   [jmeter] Desired survivor size 6684672 bytes, new threshold 1 (max 2)
   [jmeter] - age   1:   13347560 bytes,   13347560 total
   [jmeter] - age   2:      21784 bytes,   13369344 total
   [jmeter]  203134K->111009K(249088K), 0.0690270 secs]
   [jmeter] [GC
   [jmeter] Desired survivor size 6684672 bytes, new threshold 1 (max 2)
   [jmeter] - age   1:   10059512 bytes,   10059512 total
   [jmeter]  208119K->107835K(249088K), 0.0481870 secs]
   [jmeter] [GC
   [jmeter] Desired survivor size 6684672 bytes, new threshold 2 (max 2)
   [jmeter] - age   1:    5170992 bytes,    5170992 total
   [jmeter]  209024K->103992K(249088K), 0.0310340 secs]
   [jmeter] [GC
   [jmeter] Desired survivor size 6684672 bytes, new threshold 2 (max 2)
   [jmeter] - age   1:    1317448 bytes,    1317448 total
   [jmeter] - age   2:     953440 bytes,    2270888 total
   [jmeter]  208636K->101160K(249088K), 0.0125910 secs]
   [jmeter] [GC
   [jmeter] Desired survivor size 6684672 bytes, new threshold 2 (max 2)
   [jmeter] - age   1:    6645280 bytes,    6645280 total
   [jmeter] - age   2:     533992 bytes,    7179272 total
   [jmeter]  205401K->106426K(249088K), 0.0371380 secs]
   [jmeter] [GC
   [jmeter] Desired survivor size 6684672 bytes, new threshold 2 (max 2)
   [jmeter] - age   1:    6407512 bytes,    6407512 total
   [jmeter] - age   2:     684184 bytes,    7091696 total
   [jmeter]  210757K->106667K(249088K), 0.0360710 secs]
   [jmeter] [GC
   [jmeter] Desired survivor size 6684672 bytes, new threshold 2 (max 2)
   [jmeter] - age   1:    6125184 bytes,    6125184 total
   [jmeter] - age   2:     950816 bytes,    7076000 total
   [jmeter]  211476K->106716K(249088K), 0.0368020 secs]
   [jmeter] [GC
   [jmeter] Desired survivor size 6684672 bytes, new threshold 2 (max 2)
   [jmeter] - age   1:    3106608 bytes,    3106608 total
   [jmeter] - age   2:     951072 bytes,    4057680 total
   [jmeter]  211631K->103834K(249088K), 0.0220700 secs]
   [jmeter] [GC
   [jmeter] Desired survivor size 6684672 bytes, new threshold 2 (max 2)
   [jmeter] - age   1:    2642312 bytes,    2642312 total
   [jmeter] - age   2:     953440 bytes,    3595752 total
   [jmeter]  207097K->103517K(249088K), 0.0191970 secs]
   [jmeter] [GC
   [jmeter] Desired survivor size 6684672 bytes, new threshold 1 (max 2)
   [jmeter] - age   1:   10573928 bytes,   10573928 total
   [jmeter] - age   2:     400680 bytes,   10974608 total
   [jmeter]  206139K->111326K(249088K), 0.0538520 secs]
   [jmeter] [GC
   [jmeter] Desired survivor size 6684672 bytes, new threshold 2 (max 2)
   [jmeter] - age   1:    5859688 bytes,    5859688 total
   [jmeter]  216251K->107328K(249088K), 0.0362880 secs]
   [jmeter] [GC
   [jmeter] Desired survivor size 6684672 bytes, new threshold 1 (max 2)
   [jmeter] - age   1:    7535752 bytes,    7535752 total
   [jmeter] - age   2:    1234328 bytes,    8770080 total
   [jmeter]  210566K->110170K(249088K), 0.0442380 secs]
   [jmeter] [GC
   [jmeter] Desired survivor size 6684672 bytes, new threshold 1 (max 2)
   [jmeter] - age   1:    7114000 bytes,    7114000 total
   [jmeter]  213702K->110358K(249088K), 0.0451830 secs]
   [jmeter] [GC
   [jmeter] Desired survivor size 6684672 bytes, new threshold 2 (max 2)
   [jmeter] - age   1:    3111192 bytes,    3111192 total
   [jmeter]  214207K->107379K(249088K), 0.0210970 secs]
   [jmeter] [GC
   [jmeter] Desired survivor size 6684672 bytes, new threshold 2 (max 2)
   [jmeter] - age   1:     927168 bytes,     927168 total
   [jmeter] - age   2:     671664 bytes,    1598832 total
   [jmeter]  212332K->105902K(249088K), 0.0100140 secs]
   [jmeter] [GC
   [jmeter] Desired survivor size 6684672 bytes, new threshold 1 (max 2)
   [jmeter] - age   1:    9862024 bytes,    9862024 total
   [jmeter] - age   2:     652680 bytes,   10514704 total
   [jmeter]  210576K->114939K(249088K), 0.0515850 secs]
   [jmeter] [GC
   [jmeter] Desired survivor size 6684672 bytes, new threshold 2 (max 2)
   [jmeter] - age   1:    6097568 bytes,    6097568 total
   [jmeter]  219899K->111619K(249088K), 0.0348330 secs]
   [jmeter] [GC
   [jmeter] Desired survivor size 6684672 bytes, new threshold 1 (max 2)
   [jmeter] - age   1:    7525248 bytes,    7525248 total
   [jmeter] - age   2:    1016120 bytes,    8541368 total
   [jmeter]  213941K->114005K(249088K), 0.0416910 secs]
   [jmeter] [GC
   [jmeter] Desired survivor size 6684672 bytes, new threshold 1 (max 2)
   [jmeter] - age   1:    7111728 bytes,    7111728 total
   [jmeter]  217521K->113602K(249088K), 0.0401230 secs]
   [jmeter] [GC
   [jmeter] Desired survivor size 6684672 bytes, new threshold 2 (max 2)
   [jmeter] - age   1:    3111192 bytes,    3111192 total
   [jmeter]  217450K->110624K(249088K), 0.0229240 secs]
   [jmeter] [GC
   [jmeter] Desired survivor size 6684672 bytes, new threshold 2 (max 2)
   [jmeter] - age   1:     910568 bytes,     910568 total
   [jmeter] - age   2:     671664 bytes,    1582232 total
   [jmeter]  215573K->109131K(249088K), 0.0100740 secs]
   [jmeter] [GC
   [jmeter] Desired survivor size 6684672 bytes, new threshold 1 (max 2)
   [jmeter] - age   1:    9879568 bytes,    9879568 total
   [jmeter] - age   2:     635568 bytes,   10515136 total
   [jmeter]  213825K->118185K(249088K), 0.0508140 secs]
   [jmeter] [GC
   [jmeter] Desired survivor size 6684672 bytes, new threshold 1 (max 2)
   [jmeter] - age   1:   13369344 bytes,   13369344 total
   [jmeter]  218672K->123000K(249088K), 0.0734320 secs]
   [jmeter] [Full GC 222546K->117177K(249088K), 0.7551330 secs]
   [jmeter] [Full GC 221787K->65562K(249088K), 0.7575470 secs]
   [jmeter] [GC
   [jmeter] Desired survivor size 6684672 bytes, new threshold 1 (max 2)
   [jmeter] - age   1:   11557448 bytes,   11557448 total
   [jmeter]  169954K->76849K(249088K), 0.0531630 secs]
   [jmeter] [GC
   [jmeter] Desired survivor size 6684672 bytes, new threshold 2 (max 2)
   [jmeter] - age   1:    6433512 bytes,    6433512 total
   [jmeter]  181474K->76324K(249088K), 0.0508410 secs]
   [jmeter] [GC
   [jmeter] Desired survivor size 6684672 bytes, new threshold 1 (max 2)
   [jmeter] - age   1:    7872696 bytes,    7872696 total
   [jmeter] - age   2:     950168 bytes,    8822864 total
   [jmeter]  177892K->78657K(249088K), 0.0414270 secs]
   [jmeter] [GC
   [jmeter] Desired survivor size 6684672 bytes, new threshold 2 (max 2)
   [jmeter] - age   1:    3067160 bytes,    3067160 total
   [jmeter]  182942K->74030K(249088K), 0.0210240 secs]
   [jmeter] [GC
   [jmeter] Desired survivor size 6684672 bytes, new threshold 2 (max 2)
   [jmeter] - age   1:     603304 bytes,     603304 total
   [jmeter] - age   2:     952456 bytes,    1555760 total
   [jmeter]  178990K->72554K(249088K), 0.0092010 secs]
   [jmeter] [GC
   [jmeter] Desired survivor size 6684672 bytes, new threshold 1 (max 2)
   [jmeter] - age   1:   10036096 bytes,   10036096 total
   [jmeter] - age   2:     334176 bytes,   10370272 total
   [jmeter]  171304K->81829K(249088K), 0.0525520 secs]
   [jmeter] [GC
   [jmeter] Desired survivor size 6684672 bytes, new threshold 1 (max 2)
   [jmeter] - age   1:    7923072 bytes,    7923072 total
   [jmeter]  185239K->80432K(249088K), 0.0426920 secs]
   [jmeter] [GC
   [jmeter] Desired survivor size 6684672 bytes, new threshold 2 (max 2)
   [jmeter] - age   1:    3608072 bytes,    3608072 total
   [jmeter]  185053K->77146K(249088K), 0.0239020 secs]
   [jmeter] [GC
   [jmeter] Desired survivor size 6684672 bytes, new threshold 2 (max 2)
   [jmeter] - age   1:    2422208 bytes,    2422208 total
   [jmeter] - age   2:     952792 bytes,    3375000 total
   [jmeter]  180531K->76918K(249088K), 0.0171890 secs]
   [jmeter] [GC
   [jmeter] Desired survivor size 6684672 bytes, new threshold 1 (max 2)
   [jmeter] - age   1:   10563864 bytes,   10563864 total
   [jmeter] - age   2:     400680 bytes,   10964544 total
   [jmeter]  180696K->84932K(249088K), 0.0539730 secs]
   [jmeter] [GC
   [jmeter] Desired survivor size 6684672 bytes, new threshold 1 (max 2)
   [jmeter] - age   1:    9566472 bytes,    9566472 total
   [jmeter]  188999K->89556K(249088K), 0.0730350 secs]
   [jmeter] [GC
   [jmeter] Desired survivor size 6684672 bytes, new threshold 1 (max 2)
   [jmeter] - age   1:    8859328 bytes,    8859328 total
   [jmeter]  193356K->90007K(249088K), 0.0476440 secs]
   [jmeter] [GC
   [jmeter] Desired survivor size 6684672 bytes, new threshold 1 (max 2)
   [jmeter] - age   1:   11001160 bytes,   11001160 total
   [jmeter]  191492K->92430K(249088K), 0.0529100 secs]
   [jmeter] [GC
   [jmeter] Desired survivor size 6684672 bytes, new threshold 1 (max 2)
   [jmeter] - age   1:    8852208 bytes,    8852208 total
   [jmeter]  191145K->91013K(249088K), 0.0438760 secs]
   [jmeter] [GC
   [jmeter] Desired survivor size 6684672 bytes, new threshold 1 (max 2)
   [jmeter] - age   1:   10994016 bytes,   10994016 total
   [jmeter]  192491K->93431K(249088K), 0.0513040 secs]
   [jmeter] [GC
   [jmeter] Desired survivor size 6684672 bytes, new threshold 1 (max 2)
   [jmeter] - age   1:    8852208 bytes,    8852208 total
   [jmeter]  192146K->92014K(249088K), 0.0448520 secs]
   [jmeter] [GC
   [jmeter] Desired survivor size 6684672 bytes, new threshold 1 (max 2)
   [jmeter] - age   1:   10994016 bytes,   10994016 total
   [jmeter]  193492K->94432K(249088K), 0.0517000 secs]
   [jmeter] [GC
   [jmeter] Desired survivor size 6684672 bytes, new threshold 1 (max 2)
   [jmeter] - age   1:    8852208 bytes,    8852208 total
   [jmeter]  193147K->93014K(249088K), 0.0437650 secs]
   [jmeter] [GC
   [jmeter] Desired survivor size 6684672 bytes, new threshold 1 (max 2)
   [jmeter] - age   1:   10994016 bytes,   10994016 total
   [jmeter]  194493K->95433K(249088K), 0.0543260 secs]
   [jmeter] [GC
   [jmeter] Desired survivor size 6684672 bytes, new threshold 1 (max 2)
   [jmeter] - age   1:    8854480 bytes,    8854480 total
   [jmeter]  194165K->94018K(249088K), 0.0438170 secs]
   [jmeter] [GC
   [jmeter] Desired survivor size 6684672 bytes, new threshold 1 (max 2)
   [jmeter] - age   1:   10994016 bytes,   10994016 total
   [jmeter]  195497K->96435K(249088K), 0.0520040 secs]
   [jmeter] [GC
   [jmeter] Desired survivor size 6684672 bytes, new threshold 1 (max 2)
   [jmeter] - age   1:    8852208 bytes,    8852208 total
   [jmeter]  195149K->95017K(249088K), 0.0447840 secs]
   [jmeter] [GC
   [jmeter] Desired survivor size 6684672 bytes, new threshold 1 (max 2)
   [jmeter] - age   1:   10994016 bytes,   10994016 total
   [jmeter]  196496K->97436K(249088K), 0.0517310 secs]
   [jmeter] [GC
   [jmeter] Desired survivor size 6684672 bytes, new threshold 1 (max 2)
   [jmeter] - age   1:    8852208 bytes,    8852208 total
   [jmeter]  196150K->96018K(249088K), 0.0438500 secs]
   [jmeter] [GC
   [jmeter] Desired survivor size 6684672 bytes, new threshold 1 (max 2)
   [jmeter] - age   1:   10994016 bytes,   10994016 total
   [jmeter]  197497K->98436K(249088K), 0.0532240 secs]
   [jmeter] [GC
   [jmeter] Desired survivor size 6684672 bytes, new threshold 1 (max 2)
   [jmeter] - age   1:    8852208 bytes,    8852208 total
   [jmeter]  197151K->97019K(249088K), 0.0438710 secs]
   [jmeter] [GC
   [jmeter] Desired survivor size 6684672 bytes, new threshold 1 (max 2)
   [jmeter] - age   1:   10994016 bytes,   10994016 total
   [jmeter]  198498K->99437K(249088K), 0.0514240 secs]
   [jmeter] [GC
   [jmeter] Desired survivor size 6684672 bytes, new threshold 1 (max 2)
   [jmeter] - age   1:    8854480 bytes,    8854480 total
   [jmeter]  198169K->98022K(249088K), 0.0461500 secs]
   [jmeter] [GC
   [jmeter] Desired survivor size 6684672 bytes, new threshold 1 (max 2)
   [jmeter] - age   1:   10994016 bytes,   10994016 total
   [jmeter]  199501K->100439K(249088K), 0.0518760 secs]
   [jmeter] [GC
   [jmeter] Desired survivor size 6684672 bytes, new threshold 1 (max 2)
   [jmeter] - age   1:    8852208 bytes,    8852208 total
   [jmeter]  199154K->99021K(249088K), 0.0436180 secs]
   [jmeter] [GC
   [jmeter] Desired survivor size 6684672 bytes, new threshold 1 (max 2)
   [jmeter] - age   1:    7331608 bytes,    7331608 total
   [jmeter]  201807K->97863K(249088K), 0.0385510 secs]
   [jmeter] [GC
   [jmeter] Desired survivor size 6684672 bytes, new threshold 1 (max 2)
   [jmeter] - age   1:    6932656 bytes,    6932656 total
   [jmeter]  195058K->98413K(249088K), 0.0395070 secs]
   [jmeter] [GC
   [jmeter] Desired survivor size 6684672 bytes, new threshold 2 (max 2)
   [jmeter] - age   1:    3008728 bytes,    3008728 total
   [jmeter]  201498K->95456K(249088K), 0.0204210 secs]
   [jmeter] [GC
   [jmeter] Desired survivor size 6684672 bytes, new threshold 1 (max 2)
   [jmeter] - age   1:    9227424 bytes,    9227424 total
   [jmeter] - age   2:     401928 bytes,    9629352 total
   [jmeter]  197929K->101922K(249088K), 0.0446150 secs]
   [jmeter] [GC
   [jmeter] Desired survivor size 6684672 bytes, new threshold 1 (max 2)
   [jmeter] - age   1:    7271376 bytes,    7271376 total
   [jmeter]  203450K->100616K(249088K), 0.0403760 secs]
   [jmeter] [GC
   [jmeter] Desired survivor size 6684672 bytes, new threshold 2 (max 2)
   [jmeter] - age   1:    2378120 bytes,    2378120 total
   [jmeter]  204134K->96766K(249088K), 0.0223280 secs]
   [jmeter] [GC
   [jmeter] Desired survivor size 6684672 bytes, new threshold 1 (max 2)
   [jmeter] - age   1:   13040272 bytes,   13040272 total
   [jmeter] - age   2:     329072 bytes,   13369344 total
   [jmeter]  198950K->107884K(249088K), 0.0621300 secs]
   [jmeter] [GC
   [jmeter] Desired survivor size 6684672 bytes, new threshold 2 (max 2)
   [jmeter] - age   1:    6271008 bytes,    6271008 total
   [jmeter]  211467K->101700K(249088K), 0.0341200 secs]
   [jmeter] [GC
   [jmeter] Desired survivor size 6684672 bytes, new threshold 1 (max 2)
   [jmeter] - age   1:    6922152 bytes,    6922152 total
   [jmeter] - age   2:     951768 bytes,    7873920 total
   [jmeter]  200977K->103266K(249088K), 0.0373320 secs]
   [jmeter] [GC
   [jmeter] Desired survivor size 6684672 bytes, new threshold 2 (max 2)
   [jmeter] - age   1:    3008728 bytes,    3008728 total
   [jmeter]  206351K->99512K(249088K), 0.0316400 secs]
   [jmeter] [GC
   [jmeter] Desired survivor size 6684672 bytes, new threshold 1 (max 2)
   [jmeter] - age   1:    9227424 bytes,    9227424 total
   [jmeter] - age   2:     401928 bytes,    9629352 total
   [jmeter]  201985K->105978K(249088K), 0.0442690 secs]
   [jmeter] [GC
   [jmeter] Desired survivor size 6684672 bytes, new threshold 1 (max 2)
   [jmeter] - age   1:    7271376 bytes,    7271376 total
   [jmeter]  207506K->104672K(249088K), 0.0401190 secs]
   [jmeter] [GC
   [jmeter] Desired survivor size 6684672 bytes, new threshold 2 (max 2)
   [jmeter] - age   1:    2095088 bytes,    2095088 total
   [jmeter]  209625K->100546K(249088K), 0.0163950 secs]
   [jmeter] [GC
   [jmeter] Desired survivor size 6684672 bytes, new threshold 1 (max 2)
   [jmeter] - age   1:   13040672 bytes,   13040672 total
   [jmeter] - age   2:     328672 bytes,   13369344 total
   [jmeter]  201295K->111941K(249088K), 0.0635480 secs]

